// Jest Snapshot v1, https://goo.gl/fbAQLP

exports[`<Header /> testing should render again 1`] = `
<Component>
  <header
    className="header"
  >
    <div
      className="header__center"
    >
      <div
        className="header__innerWidth"
      >
        <div
          className="header__wrapper"
        >
          <div
            className="header__logo"
          >
            el
          </div>
          <Component>
            <div
              className="toggle"
            >
              <div
                className="toggle_right"
                onClick={[Function]}
              >
                <div
                  className="toggle__dots"
                >
                  <div
                    className="toggle__dot--1"
                  />
                  <div
                    className="toggle__dot--2"
                  />
                  <div
                    className="toggle__dot--3"
                  />
                </div>
              </div>
            </div>
            <nav
              className="navbar false"
            >
              <span
                className="navbar__close"
                onClick={[Function]}
              />
              <ul
                className="navbar__list"
              >
                <Component
                  key="home"
                  name="Me"
                  offset={-120}
                  onClick={[Function]}
                  to="home"
                >
                  <li
                    className="navbar__item"
                  >
                    <Link
                      activeClass="active"
                      duration={500}
                      offset={-120}
                      onClick={[Function]}
                      smooth={true}
                      spy={true}
                      to="home"
                    >
                      <LinkElement
                        onClick={[Function]}
                      >
                        <a
                          onClick={[Function]}
                        >
                          Me
                        </a>
                      </LinkElement>
                    </Link>
                  </li>
                </Component>
                <Component
                  key="project"
                  name="Projects"
                  offset={-70}
                  onClick={[Function]}
                  to="project"
                >
                  <li
                    className="navbar__item"
                  >
                    <Link
                      activeClass="active"
                      duration={500}
                      offset={-70}
                      onClick={[Function]}
                      smooth={true}
                      spy={true}
                      to="project"
                    >
                      <LinkElement
                        onClick={[Function]}
                      >
                        <a
                          onClick={[Function]}
                        >
                          Projects
                        </a>
                      </LinkElement>
                    </Link>
                  </li>
                </Component>
                <Component
                  key="skill"
                  name="Skills"
                  offset={-70}
                  onClick={[Function]}
                  to="skill"
                >
                  <li
                    className="navbar__item"
                  >
                    <Link
                      activeClass="active"
                      duration={500}
                      offset={-70}
                      onClick={[Function]}
                      smooth={true}
                      spy={true}
                      to="skill"
                    >
                      <LinkElement
                        onClick={[Function]}
                      >
                        <a
                          onClick={[Function]}
                        >
                          Skills
                        </a>
                      </LinkElement>
                    </Link>
                  </li>
                </Component>
                <Component
                  key="contact"
                  name="Contact"
                  offset={-70}
                  onClick={[Function]}
                  to="contact"
                >
                  <li
                    className="navbar__item"
                  >
                    <Link
                      activeClass="active"
                      duration={500}
                      offset={-70}
                      onClick={[Function]}
                      smooth={true}
                      spy={true}
                      to="contact"
                    >
                      <LinkElement
                        onClick={[Function]}
                      >
                        <a
                          onClick={[Function]}
                        >
                          Contact
                        </a>
                      </LinkElement>
                    </Link>
                  </li>
                </Component>
              </ul>
            </nav>
          </Component>
        </div>
      </div>
    </div>
  </header>
</Component>
`;

exports[`<Header /> testing should render well 1`] = `
<Component>
  <header
    className="header"
  >
    <div
      className="header__center"
    >
      <div
        className="header__innerWidth"
      >
        <div
          className="header__wrapper"
        >
          <div
            className="header__logo"
          >
            el
          </div>
          <Component>
            <div
              className="toggle"
            >
              <div
                className="toggle_right"
                onClick={[Function]}
              >
                <div
                  className="toggle__dots"
                >
                  <div
                    className="toggle__dot--1"
                  />
                  <div
                    className="toggle__dot--2"
                  />
                  <div
                    className="toggle__dot--3"
                  />
                </div>
              </div>
            </div>
            <nav
              className="navbar false"
            >
              <span
                className="navbar__close"
                onClick={[Function]}
              />
              <ul
                className="navbar__list"
              >
                <Component
                  key="home"
                  name="Me"
                  offset={-120}
                  onClick={[Function]}
                  to="home"
                >
                  <li
                    className="navbar__item"
                  >
                    <Link
                      activeClass="active"
                      duration={500}
                      offset={-120}
                      onClick={[Function]}
                      smooth={true}
                      spy={true}
                      to="home"
                    >
                      <LinkElement
                        onClick={[Function]}
                      >
                        <a
                          onClick={[Function]}
                        >
                          Me
                        </a>
                      </LinkElement>
                    </Link>
                  </li>
                </Component>
                <Component
                  key="project"
                  name="Projects"
                  offset={-70}
                  onClick={[Function]}
                  to="project"
                >
                  <li
                    className="navbar__item"
                  >
                    <Link
                      activeClass="active"
                      duration={500}
                      offset={-70}
                      onClick={[Function]}
                      smooth={true}
                      spy={true}
                      to="project"
                    >
                      <LinkElement
                        onClick={[Function]}
                      >
                        <a
                          onClick={[Function]}
                        >
                          Projects
                        </a>
                      </LinkElement>
                    </Link>
                  </li>
                </Component>
                <Component
                  key="skill"
                  name="Skills"
                  offset={-70}
                  onClick={[Function]}
                  to="skill"
                >
                  <li
                    className="navbar__item"
                  >
                    <Link
                      activeClass="active"
                      duration={500}
                      offset={-70}
                      onClick={[Function]}
                      smooth={true}
                      spy={true}
                      to="skill"
                    >
                      <LinkElement
                        onClick={[Function]}
                      >
                        <a
                          onClick={[Function]}
                        >
                          Skills
                        </a>
                      </LinkElement>
                    </Link>
                  </li>
                </Component>
                <Component
                  key="contact"
                  name="Contact"
                  offset={-70}
                  onClick={[Function]}
                  to="contact"
                >
                  <li
                    className="navbar__item"
                  >
                    <Link
                      activeClass="active"
                      duration={500}
                      offset={-70}
                      onClick={[Function]}
                      smooth={true}
                      spy={true}
                      to="contact"
                    >
                      <LinkElement
                        onClick={[Function]}
                      >
                        <a
                          onClick={[Function]}
                        >
                          Contact
                        </a>
                      </LinkElement>
                    </Link>
                  </li>
                </Component>
              </ul>
            </nav>
          </Component>
        </div>
      </div>
    </div>
  </header>
</Component>
`;
